No syntax errors detected in src/OrderComponentBundle.php
No syntax errors detected in src/Kernel.php
No syntax errors detected in src/Command/GenerateOrdersCommand.php
No syntax errors detected in src/Command/DlqRequeueCommand.php
No syntax errors detected in src/Command/ListOrdersCommand.php
No syntax errors detected in src/Command/OutboxDispatchCommand.php
No syntax errors detected in src/Command/OutboxProcessCommand.php
No syntax errors detected in src/Command/OutboxReplayCommand.php
No syntax errors detected in src/Command/ValidateDoctrineMappingCommand.php
No syntax errors detected in src/Command/WorkflowTestCommand.php
No syntax errors detected in src/Command/Order/AuditRotateCommand.php
No syntax errors detected in src/Command/Order/AuditShipS3Command.php
No syntax errors detected in src/Command/Order/DlqListCommand.php
No syntax errors detected in src/Command/Order/DlqRequeueCommand.php
No syntax errors detected in src/Command/Order/OutboxRelayCommand.php
No syntax errors detected in src/Command/Order/SyncReadModelCommand.php
No syntax errors detected in src/Controller/HealthCheckController.php
No syntax errors detected in src/Controller/OrderController.php
No syntax errors detected in src/Controller/OrderMetricsController.php
No syntax errors detected in src/Controller/ReadinessController.php
No syntax errors detected in src/Controller/Order/ApiPricingConvertController.php
No syntax errors detected in src/Controller/Order/ApiRefundController.php
No syntax errors detected in src/Controller/Order/ApiReturnController.php
No syntax errors detected in src/Controller/Order/AuditController.php
No syntax errors detected in src/Controller/Order/DlqController.php
No syntax errors detected in src/Controller/Order/DlqRequeueCommand.php
No syntax errors detected in src/Controller/Order/GenerateOrdersCommand.php
No syntax errors detected in src/Controller/Order/DlqUiController.php
No syntax errors detected in src/Controller/Order/HealthController.php
No syntax errors detected in src/Controller/Order/HealthCheckController.php
No syntax errors detected in src/Controller/Order/MetricsController.php
No syntax errors detected in src/Controller/Order/ListOrdersCommand.php
No syntax errors detected in src/Controller/Order/OrderApiController.php
No syntax errors detected in src/Controller/Order/OrderArchiveOldCommand.php
No syntax errors detected in src/Controller/Order/OrderAuditAction.php
No syntax errors detected in src/Controller/Order/OrderAuditExportCommand.php
No syntax errors detected in src/Controller/Order/OrderCancelController.php
No syntax errors detected in src/Controller/Order/OrderCarrierPollCommand.php
No syntax errors detected in src/Controller/Order/OrderController.php
No syntax errors detected in src/Controller/Order/OrderCreateController.php
No syntax errors detected in src/Controller/Order/OrderDeadLetterRouter.php
No syntax errors detected in src/Controller/Order/OrderDeadLetterRouterInterface.php
No syntax errors detected in src/Controller/Order/OrderMetricsController.php
No syntax errors detected in src/Controller/Order/OrderMetricsExportCommand.php
No syntax errors detected in src/Controller/Order/OrderMetricsRetentionCommand.php
No syntax errors detected in src/Controller/Order/OrderPayAction.php
No syntax errors detected in src/Controller/Order/OrderPayController.php
No syntax errors detected in src/Controller/Order/OrderPriceController.php
No syntax errors detected in src/Controller/Order/OrderRecalculateController.php
No syntax errors detected in src/Controller/Order/OrderRefundAction.php
No syntax errors detected in src/Controller/Order/OrderRefundController.php
No syntax errors detected in src/Controller/Order/OrderReturnController.php
No syntax errors detected in src/Controller/Order/OrderShipController.php
No syntax errors detected in src/Controller/Order/OrderShipAction.php
No syntax errors detected in src/Controller/Order/OrderStatusController.php
No syntax errors detected in src/Controller/Order/OrderSyncPaymentsCommand.php
No syntax errors detected in src/Controller/Order/OrderTransitionsController.php
No syntax errors detected in src/Controller/Order/OrderV1Controller.php
No syntax errors detected in src/Controller/Order/OrderV1OrdersController.php
No syntax errors detected in src/Controller/Order/OutboxDispatchCommand.php
No syntax errors detected in src/Controller/Order/OutboxProcessCommand.php
No syntax errors detected in src/Controller/Order/OutboxReplayCommand.php
No syntax errors detected in src/Controller/Order/OutboxRelayCommand.php
No syntax errors detected in src/Controller/Order/PaymentController.php
No syntax errors detected in src/Controller/Order/PaymentWebhookController.php
No syntax errors detected in src/Controller/Order/ReadinessController.php
No syntax errors detected in src/Controller/Order/RefundWebhookController.php
No syntax errors detected in src/Controller/Order/SagaReplayFailedCommand.php
No syntax errors detected in src/Controller/Order/SyncOrderMetricsCommand.php
No syntax errors detected in src/Controller/Order/SyncReadModelCommand.php
No syntax errors detected in src/Controller/Order/TestEmailController.php
No syntax errors detected in src/Controller/Order/ValidateDoctrineMappingCommand.php
No syntax errors detected in src/Controller/Order/WebhookController.php
No syntax errors detected in src/Controller/Order/WorkflowTestCommand.php
No syntax errors detected in src/Controller/Webhook/PaymentWebhookController.php
No syntax errors detected in src/DataFixtures/OrderFixtures.php
No syntax errors detected in src/DependencyInjection/OrderComponentExtension.php
No syntax errors detected in src/Entity/Order.php
No syntax errors detected in src/Entity/Analytics/AnalyticsRecord.php
No syntax errors detected in src/Entity/Common/ObjectAuditTrait.php
No syntax errors detected in src/Entity/Order/AnalyticsRecord.php
No syntax errors detected in src/Entity/Order/AuditLog.php
No syntax errors detected in src/Entity/Order/CostModel.php
No syntax errors detected in src/Entity/Order/Delivery.php
No syntax errors detected in src/Entity/Order/IdempotencyKey.php
No syntax errors detected in src/Entity/Order/InventoryReservation.php
No syntax errors detected in src/Entity/Order/Order.php
No syntax errors detected in src/Entity/Order/OrderApiResource.php
No syntax errors detected in src/Entity/Order/OrderArchive.php
No syntax errors detected in src/Entity/Order/OrderAuditLog.php
No syntax errors detected in src/Entity/Order/OrderDispute.php
No syntax errors detected in src/Entity/Order/OrderEntity.php
No syntax errors detected in src/Entity/Order/OrderEventRecord.php
No syntax errors detected in src/Entity/Order/OrderInvoice.php
No syntax errors detected in src/Entity/Order/OrderItem.php
No syntax errors detected in src/Entity/Order/OrderItemEntity.php
No syntax errors detected in src/Entity/Order/OrderPartialPayment.php
No syntax errors detected in src/Entity/Order/OrderPayment.php
No syntax errors detected in src/Entity/Order/OrderPaymentEntity.php
No syntax errors detected in src/Entity/Order/OrderPaymentIntent.php
No syntax errors detected in src/Entity/Order/OrderPaymentPart.php
No syntax errors detected in src/Entity/Order/OrderPaymentTransaction.php
No syntax errors detected in src/Entity/Order/OrderPaymentView.php
No syntax errors detected in src/Entity/Order/OrderPriceAudit.php
No syntax errors detected in src/Entity/Order/OrderPriceDetail.php
No syntax errors detected in src/Entity/Order/OrderReadModel.php
No syntax errors detected in src/Entity/Order/OrderRefund.php
No syntax errors detected in src/Entity/Order/OrderRefundEntity.php
No syntax errors detected in src/Entity/Order/OrderRefundLedger.php
No syntax errors detected in src/Entity/Order/OrderRefundTransaction.php
No syntax errors detected in src/Entity/Order/OrderReturnPolicy.php
No syntax errors detected in src/Entity/Order/OrderReturnRequest.php
No syntax errors detected in src/Entity/Order/OrderRevenueReadModel.php
No syntax errors detected in src/Entity/Order/OrderShipment.php
No syntax errors detected in src/Entity/Order/OrderShipmentEntity.php
No syntax errors detected in src/Entity/Order/OrderShipmentItem.php
No syntax errors detected in src/Entity/Order/OrderShipmentView.php
No syntax errors detected in src/Entity/Order/OrderSmokeTest.php
No syntax errors detected in src/Entity/Order/OrderStockReservation.php
No syntax errors detected in src/Entity/Order/OrderSummaryReadModel.php
No syntax errors detected in src/Entity/Order/OrderTaxationAudit.php
No syntax errors detected in src/Entity/Order/OrderTaxationEntity.php
No syntax errors detected in src/Entity/Order/OrderTransaction.php
No syntax errors detected in src/Entity/Order/OutboxMessage.php
No syntax errors detected in src/Entity/Order/OutboxRecord.php
No syntax errors detected in src/Entity/Order/Payment.php
No syntax errors detected in src/Entity/Order/PaymentWebhookLog.php
No syntax errors detected in src/Entity/Order/Refund.php
No syntax errors detected in src/Entity/Order/WebhookLog.php
No syntax errors detected in src/Entity/Order/Billing/OrderInvoice.php
No syntax errors detected in src/Entity/Order/Billing/OrderPaymentIntent.php
No syntax errors detected in src/Entity/Order/Billing/OrderRefundTransaction.php
No syntax errors detected in src/Entity/Order/Billing/OrderTransaction.php
No syntax errors detected in src/Entity/Order/Billing/PaymentWebhookLog.php
No syntax errors detected in src/Entity/Order/Entity/OrderInterface.php
No syntax errors detected in src/Entity/Order/Entity/Order.php
No syntax errors detected in src/Entity/Order/Entity/OrderSmokeTest.php
No syntax errors detected in src/Entity/Order/Entity/OrderSmokeTestInterface.php
No syntax errors detected in src/Entity/Order/Entity/Delivery/Delivery.php
No syntax errors detected in src/Entity/Order/Entity/Delivery/DeliveryInterface.php
No syntax errors detected in src/Entity/Order/Entity/Order/Order.php
No syntax errors detected in src/Entity/Order/Entity/Order/OrderEntity.php
No syntax errors detected in src/Entity/Order/Entity/Order/OrderEntityInterface.php
No syntax errors detected in src/Entity/Order/Entity/Order/OrderInterface.php
No syntax errors detected in src/Entity/Order/Entity/Order/OrderItemEntityInterface.php
No syntax errors detected in src/Entity/Order/Entity/Order/OrderItemEntity.php
No syntax errors detected in src/Entity/Order/Entity/Order/OrderPaymentEntity.php
No syntax errors detected in src/Entity/Order/Entity/Order/OrderPaymentEntityInterface.php
No syntax errors detected in src/Entity/Order/Entity/Order/OrderPaymentView.php
No syntax errors detected in src/Entity/Order/Entity/Order/OrderPaymentViewInterface.php
No syntax errors detected in src/Entity/Order/Entity/Order/OrderRefundEntity.php
No syntax errors detected in src/Entity/Order/Entity/Order/OrderRefundEntityInterface.php
No syntax errors detected in src/Entity/Order/Entity/Order/OrderRefundTransaction.php
No syntax errors detected in src/Entity/Order/Entity/Order/OrderRefundTransactionInterface.php
No syntax errors detected in src/Entity/Order/Entity/Order/OrderReturnRequest.php
No syntax errors detected in src/Entity/Order/Entity/Order/OrderReturnRequestInterface.php
No syntax errors detected in src/Entity/Order/Entity/Order/OrderShipmentEntity.php
No syntax errors detected in src/Entity/Order/Entity/Order/OrderShipmentEntityInterface.php
No syntax errors detected in src/Entity/Order/Entity/Order/OrderShipmentViewInterface.php
No syntax errors detected in src/Entity/Order/Entity/Order/OrderShipmentView.php
No syntax errors detected in src/Entity/Order/Entity/Order/OrderTaxationEntity.php
No syntax errors detected in src/Entity/Order/Entity/Order/OrderTaxationEntityInterface.php
No syntax errors detected in src/Entity/Order/Entity/Payment/Payment.php
No syntax errors detected in src/Entity/Outbox/IdempotencyKey.php
No syntax errors detected in src/Entity/Order/Entity/Payment/PaymentInterface.php
No syntax errors detected in src/Entity/Order/Traits/OrderPriceSnapshotTrait.php
No syntax errors detected in src/Entity/Outbox/OutboxMessage.php
No syntax errors detected in src/EventSubscriber/DomainEventsToOutboxSubscriber.php
No syntax errors detected in src/EventSubscriber/OrderWorkflowGuardSubscriber.php
No syntax errors detected in src/EventSubscriber/ApiAuditSubscriber.php
No syntax errors detected in src/Factory/OrderFactory.php
No syntax errors detected in src/Message/OrderEventMessage.php
No syntax errors detected in src/Message/Command/OrderCreateCommand.php
No syntax errors detected in src/Message/OrderMessage.php
No syntax errors detected in src/Message/Command/OrderPayCommand.php
No syntax errors detected in src/Message/Command/StartOrderSagaCommand.php
No syntax errors detected in src/Message/Command/RetryOrderSagaCommand.php
No syntax errors detected in src/Message/Command/Order/OrderPartialPayCommand.php
No syntax errors detected in src/Message/Command/Order/OrderPartialRefundCommand.php
No syntax errors detected in src/Message/Command/Order/OrderPartialShipCommand.php
No syntax errors detected in src/Message/Handler/OrderCreateHandler.php
No syntax errors detected in src/Message/Handler/OrderPayHandler.php
No syntax errors detected in src/Message/Handler/Order/OrderPartialPayHandler.php
No syntax errors detected in src/Message/Handler/Order/OrderPartialRefundHandler.php
No syntax errors detected in src/Message/Handler/Order/OrderPartialShipHandler.php
No syntax errors detected in src/Message/Handler/Order/OrderPartialPaymentHandler.php
No syntax errors detected in src/Message/Handler/Order/OrderRefundHandler.php
No syntax errors detected in src/Message/Handler/Order/RecalculateOrderPricingHandler.php
No syntax errors detected in src/Message/Order/OrderCancelCommand.php
No syntax errors detected in src/Message/Order/OrderDomainMessage.php
No syntax errors detected in src/Message/Order/OrderPartialPaymentCommand.php
No syntax errors detected in src/Message/Order/OrderPaymentCommand.php
No syntax errors detected in src/Message/Order/OrderRefundCommand.php
No syntax errors detected in src/Message/Order/OrderPlaceCommand.php
No syntax errors detected in src/Message/Order/OrderShipmentCommand.php
No syntax errors detected in src/MessageHandler/OrderEventMessageHandler.php
No syntax errors detected in src/MessageHandler/OrderMessageHandler.php
No syntax errors detected in src/MessageHandler/Order/OrderDomainMessageHandler.php
No syntax errors detected in src/MessageHandler/Order/OrderPartialPaymentCommandHandler.php
No syntax errors detected in src/MessageHandler/Order/OrderPaymentCommandHandler.php
No syntax errors detected in src/MessageHandler/Order/OrderRefundCommandHandler.php
No syntax errors detected in src/MessageHandler/Order/OrderShipmentCommandHandler.php
No syntax errors detected in src/Middleware/IdempotencyMiddleware.php
No syntax errors detected in src/Webhook/NoopWebhookDispatcher.php
No syntax errors detected in src/Security/WebhookSignatureVerifier.php
No syntax errors detected in src/Security/JwtScopeVoter.php
No syntax errors detected in src/Security/Jwt/JwtTenantResolver.php
No syntax errors detected in src/RateLimiter/TenantKeyResolver.php
No syntax errors detected in src/EventListener/OrderApiRateLimitListener.php
No syntax errors detected in src/EventListener/OrderTenantRateLimitListener.php
No syntax errors detected in src/Monitoring/MetricsRegistry.php
No syntax errors detected in src/OpenApi/OrderOpenApiFactory.php
No syntax errors detected in src/ValueObject/Money/Currency.php
No syntax errors detected in src/ValueObject/Money/Money.php
No syntax errors detected in src/ValueObject/Order/Currency.php
No syntax errors detected in src/ValueObject/Order/Discount.php
No syntax errors detected in src/ValueObject/Order/InvoiceNumber.php
No syntax errors detected in src/ValueObject/Order/Money.php
No syntax errors detected in src/ValueObject/Order/OrderStatus.php
No syntax errors detected in src/ValueObject/Order/PaymentMethod.php
No syntax errors detected in src/ValueObject/Order/Quantity.php
No syntax errors detected in src/ValueObject/Order/PaymentStatus.php
No syntax errors detected in src/ValueObject/Order/Sku.php
No syntax errors detected in src/ValueObject/Order/Taxation.php
No syntax errors detected in src/ValueObject/Order/TaxRate.php
No syntax errors detected in src/ValueObject/Order/VendorId.php
No syntax errors detected in src/Subscriber/Order/AnalyticsSubscriber.php
No syntax errors detected in src/Subscriber/Order/EmailSubscriber.php
No syntax errors detected in src/Subscriber/Order/InventorySubscriber.php
No syntax errors detected in src/Subscriber/Order/OrderAuditSubscriber.php
No syntax errors detected in src/Subscriber/Order/PaymentWebhookListener.php
No syntax errors detected in src/Subscriber/Order/PaymentStatusSubscriber.php
No syntax errors detected in src/Subscriber/Order/ShipmentStatusListener.php
No syntax errors detected in src/Subscriber/Order/OrderWorkflowSubscriber.php
No syntax errors detected in src/ServiceInterface/Order/AdvancedPriceCalculatorInterface.php
No syntax errors detected in src/ServiceInterface/Order/AdvancedTaxationTestInterface.php
No syntax errors detected in src/ServiceInterface/Order/AnalyticsSubscriberInterface.php
No syntax errors detected in src/ServiceInterface/Order/ApiSecurityTestInterface.php
No syntax errors detected in src/ServiceInterface/Order/ApiAuditSubscriberInterface.php
No syntax errors detected in src/ServiceInterface/Order/ArchivalCommandTestInterface.php
No syntax errors detected in src/ServiceInterface/Order/AuditFlowTestInterface.php
No syntax errors detected in src/ServiceInterface/Order/AuditLoggerServiceInterface.php
No syntax errors detected in src/ServiceInterface/Order/AuditLogInterface.php
No syntax errors detected in src/ServiceInterface/Order/AuditLogTestInterface.php
No syntax errors detected in src/ServiceInterface/Order/BigQueryExportSinkInterface.php
No syntax errors detected in src/ServiceInterface/Order/BillingServiceInterface.php
No syntax errors detected in src/ServiceInterface/Order/CanarySwitchInterface.php
No syntax errors detected in src/ServiceInterface/Order/CarrierInterfaceInterface.php
No syntax errors detected in src/ServiceInterface/Order/CarrierPollingServiceInterface.php
No syntax errors detected in src/ServiceInterface/Order/ChaosProvInterface.php
No syntax errors detected in src/ServiceInterface/Order/ClickHouseExportSinkInterface.php
No syntax errors detected in src/ServiceInterface/Order/ClientInterface.php
No syntax errors detected in src/ServiceInterface/Order/ContinueOrderSagaCommandInterface.php
No syntax errors detected in src/ServiceInterface/Order/ContractConsistencyTestInterface.php
No syntax errors detected in src/ServiceInterface/Order/CostPolicyInterface.php
No syntax errors detected in src/ServiceInterface/Order/CryptoServiceInterface.php
No syntax errors detected in src/ServiceInterface/Order/CspMiddlewareInterface.php
No syntax errors detected in src/ServiceInterface/Order/CurrencyConversionServiceInterface.php
No syntax errors detected in src/ServiceInterface/Order/CurrencyConversionServiceTestInterface.php
No syntax errors detected in src/ServiceInterface/Order/CurrencyInterface.php
No syntax errors detected in src/ServiceInterface/Order/DefaultTaxationStrategyInterface.php
No syntax errors detected in src/ServiceInterface/Order/DefaultPromotionStrategyInterface.php
No syntax errors detected in src/ServiceInterface/Order/DefaultTaxationStrategyTestInterface.php
No syntax errors detected in src/ServiceInterface/Order/DeliveryStateMachineInterface.php
No syntax errors detected in src/ServiceInterface/Order/DHLCarrierInterface.php
No syntax errors detected in src/ServiceInterface/Order/DiscountInterface.php
No syntax errors detected in src/ServiceInterface/Order/DisputeServiceInterface.php
No syntax errors detected in src/ServiceInterface/Order/DHLGatewayInterface.php
No syntax errors detected in src/ServiceInterface/Order/DisputeWorkflowTestInterface.php
No syntax errors detected in src/ServiceInterface/Order/DlqConsoleInterface.php
No syntax errors detected in src/ServiceInterface/Order/DlqRepositoryInterfaceInterface.php
No syntax errors detected in src/ServiceInterface/Order/DomainEventsToOutboxSubscriberInterface.php
No syntax errors detected in src/ServiceInterface/Order/DummyProvInterface.php
No syntax errors detected in src/ServiceInterface/Order/EmailSubscriberInterface.php
No syntax errors detected in src/ServiceInterface/Order/EUTaxStrategyInterface.php
No syntax errors detected in src/ServiceInterface/Order/ErrorInterface.php
No syntax errors detected in src/ServiceInterface/Order/FileDlqRepositoryInterface.php
No syntax errors detected in src/ServiceInterface/Order/FlakyCommandInterface.php
No syntax errors detected in src/ServiceInterface/Order/FileJwkRepositoryInterface.php
No syntax errors detected in src/ServiceInterface/Order/FlakyHandlerInterface.php
No syntax errors detected in src/ServiceInterface/Order/FlatTaxationStrategyInterface.php
No syntax errors detected in src/ServiceInterface/Order/FlatPromotionStrategyInterface.php
No syntax errors detected in src/ServiceInterface/Order/FlatTaxStrategyInterface.php
No syntax errors detected in src/ServiceInterface/Order/HealthProbeInterface.php
No syntax errors detected in src/ServiceInterface/Order/HealthScoreInterface.php
No syntax errors detected in src/ServiceInterface/Order/HttpIdempotencyGuardInterface.php
No syntax errors detected in src/ServiceInterface/Order/IdempotencyGuardInterface.php
No syntax errors detected in src/ServiceInterface/Order/IdempotencyGuardTestInterface.php
No syntax errors detected in src/ServiceInterface/Order/IdempotencyInterface.php
No syntax errors detected in src/ServiceInterface/Order/IdempotencyKeyPolicyInterface.php
No syntax errors detected in src/ServiceInterface/Order/IdempotencyMiddlewareInterface.php
No syntax errors detected in src/ServiceInterface/Order/IdempotencyServiceInterface.php
No syntax errors detected in src/ServiceInterface/Order/IdempotencyTestInterface.php
No syntax errors detected in src/ServiceInterface/Order/InMemoryInventoryGatewayInterface.php
No syntax errors detected in src/ServiceInterface/Order/InMemoryInventoryServiceInterface.php
No syntax errors detected in src/ServiceInterface/Order/InMemoryRateProviderInterface.php
No syntax errors detected in src/ServiceInterface/Order/InventoryGatewayInterface.php
No syntax errors detected in src/ServiceInterface/Order/InventoryGatewayInterfaceInterface.php
No syntax errors detected in src/ServiceInterface/Order/InventoryReservationFlowTestInterface.php
No syntax errors detected in src/ServiceInterface/Order/InventoryReservationServiceInterface.php
No syntax errors detected in src/ServiceInterface/Order/InventoryServiceInterface.php
No syntax errors detected in src/ServiceInterface/Order/InventoryServiceInterfaceInterface.php
No syntax errors detected in src/ServiceInterface/Order/InventorySubscriberInterface.php
No syntax errors detected in src/ServiceInterface/Order/InvoiceNumberInterface.php
No syntax errors detected in src/ServiceInterface/Order/JwkKeyInterface.php
No syntax errors detected in src/ServiceInterface/Order/JwkRepositoryInterfaceInterface.php
No syntax errors detected in src/ServiceInterface/Order/JwksIssuerInterface.php
No syntax errors detected in src/ServiceInterface/Order/KernelInterface.php
No syntax errors detected in src/ServiceInterface/Order/MaskingServiceInterface.php
No syntax errors detected in src/ServiceInterface/Order/KeyRotationManagerInterface.php
No syntax errors detected in src/ServiceInterface/Order/MaskingServiceTestInterface.php
No syntax errors detected in src/ServiceInterface/Order/MemoryIdempotencyStoreInterface.php
No syntax errors detected in src/ServiceInterface/Order/MetricsExportDryRunTestInterface.php
No syntax errors detected in src/ServiceInterface/Order/MetricsProjectionFlowTestInterface.php
No syntax errors detected in src/ServiceInterface/Order/MetricsProjectionServiceInterface.php
No syntax errors detected in src/ServiceInterface/Order/MetricsSubscriberInterface.php
No syntax errors detected in src/ServiceInterface/Order/MoneyInterface.php
No syntax errors detected in src/ServiceInterface/Order/MoneyTestInterface.php
No syntax errors detected in src/ServiceInterface/Order/MultiCurrencyTestInterface.php
No syntax errors detected in src/ServiceInterface/Order/NoTaxStrategyInterface.php
No syntax errors detected in src/ServiceInterface/Order/OrderAnalyticsLtvTestInterface.php
No syntax errors detected in src/ServiceInterface/Order/OrderApiAuditSubscriberInterface.php
No syntax errors detected in src/ServiceInterface/Order/OrderApiRateLimitListenerInterface.php
No syntax errors detected in src/ServiceInterface/Order/OrderArchivalServiceInterface.php
No syntax errors detected in src/ServiceInterface/Order/OrderAuditSubscriberInterface.php
No syntax errors detected in src/ServiceInterface/Order/OrderAuditTrail.php
No syntax errors detected in src/ServiceInterface/Order/OrderAuditTrailBuilderInterface.php
No syntax errors detected in src/ServiceInterface/Order/OrderAuditTrailInterface.php
No syntax errors detected in src/ServiceInterface/Order/OrderCancelCommandInterface.php
No syntax errors detected in src/ServiceInterface/Order/OrderCancelledHandlerInterface.php
No syntax errors detected in src/ServiceInterface/Order/OrderClientInterface.php
No syntax errors detected in src/ServiceInterface/Order/OrderCommandHandlersTestInterface.php
No syntax errors detected in src/ServiceInterface/Order/OrderContextProcessorInterface.php
No syntax errors detected in src/ServiceInterface/Order/OrderCreateCommandInterface.php
No syntax errors detected in src/ServiceInterface/Order/OrderCreateHandlerInterface.php
No syntax errors detected in src/ServiceInterface/Order/OrderDeadLetterHandlerInterface.php
No syntax errors detected in src/ServiceInterface/Order/OrderDemoServiceInterface.php
No syntax errors detected in src/ServiceInterface/Order/OrderDeleteProcessorInterface.php
No syntax errors detected in src/ServiceInterface/Order/OrderDisputeSubscriberInterface.php
No syntax errors detected in src/ServiceInterface/Order/OrderDomainMessageHandlerInterface.php
No syntax errors detected in src/ServiceInterface/Order/OrderDomainMessageInterface.php
No syntax errors detected in src/ServiceInterface/Order/OrderE2EFlowTestInterface.php
No syntax errors detected in src/ServiceInterface/Order/OrderE2ETestInterface.php
No syntax errors detected in src/ServiceInterface/Order/OrderEntityToResourceTransformerInterface.php
No syntax errors detected in src/ServiceInterface/Order/OrderEventMessageHandlerInterface.php
No syntax errors detected in src/ServiceInterface/Order/OrderFactoryInterface.php
No syntax errors detected in src/ServiceInterface/Order/OrderFullCycleTestInterface.php
No syntax errors detected in src/ServiceInterface/Order/OrderFullFlowTestInterface.php
No syntax errors detected in src/ServiceInterface/Order/OrderIdempotencyServiceInterface.php
No syntax errors detected in src/ServiceInterface/Order/OrderInterface.php
No syntax errors detected in src/ServiceInterface/Order/OrderMessageHandlerInterface.php
No syntax errors detected in src/ServiceInterface/Order/OrderInvalidTransitionsTestInterface.php
No syntax errors detected in src/ServiceInterface/Order/OrderMetricsAggregateViewInterface.php
No syntax errors detected in src/ServiceInterface/Order/OrderMetricsAggregateViewRepositoryInterface.php
No syntax errors detected in src/ServiceInterface/Order/OrderMetricsAggregatorInterface.php
No syntax errors detected in src/ServiceInterface/Order/OrderMetricsInterface.php
No syntax errors detected in src/ServiceInterface/Order/OrderMetricsProjectionInterface.php
No syntax errors detected in src/ServiceInterface/Order/OrderMetricsProjectionTestInterface.php
No syntax errors detected in src/ServiceInterface/Order/OrderMetricsProjectorInterface.php
No syntax errors detected in src/ServiceInterface/Order/OrderMetricsQueryServiceInterface.php
No syntax errors detected in src/ServiceInterface/Order/OrderMetricsRollupAggregatorInterface.php
No syntax errors detected in src/ServiceInterface/Order/OrderMetricsRollupTestInterface.php
No syntax errors detected in src/ServiceInterface/Order/OrderMetricsRollupViewInterface.php
No syntax errors detected in src/ServiceInterface/Order/OrderMetricsRollupViewRepositoryInterface.php
No syntax errors detected in src/ServiceInterface/Order/OrderMetricsViewInterface.php
No syntax errors detected in src/ServiceInterface/Order/OrderOpenApiFactoryInterface.php
No syntax errors detected in src/ServiceInterface/Order/OrderMetricsViewRepositoryInterface.php
No syntax errors detected in src/ServiceInterface/Order/OrderOrchestratorInterface.php
No syntax errors detected in src/ServiceInterface/Order/OrderPaidHandlerInterface.php
No syntax errors detected in src/ServiceInterface/Order/OrderPartialPayCommandInterface.php
No syntax errors detected in src/ServiceInterface/Order/OrderPartialPayHandlerInterface.php
No syntax errors detected in src/ServiceInterface/Order/OrderPartialPaymentCommandHandlerInterface.php
No syntax errors detected in src/ServiceInterface/Order/OrderPartialPaymentCommandInterface.php
No syntax errors detected in src/ServiceInterface/Order/OrderPartialPaymentHandlerInterface.php
No syntax errors detected in src/ServiceInterface/Order/OrderPartialPaymentProcessorInterface.php
No syntax errors detected in src/ServiceInterface/Order/OrderPartialRefundCommandInterface.php
No syntax errors detected in src/ServiceInterface/Order/OrderPartialRefundHandlerInterface.php
No syntax errors detected in src/ServiceInterface/Order/OrderPartialRefundIdempotencyTestInterface.php
No syntax errors detected in src/ServiceInterface/Order/OrderPartialShipCommandInterface.php
No syntax errors detected in src/ServiceInterface/Order/OrderPartialShipHandlerInterface.php
No syntax errors detected in src/ServiceInterface/Order/OrderPatchProcessorInterface.php
No syntax errors detected in src/ServiceInterface/Order/OrderPayCommandInterface.php
No syntax errors detected in src/ServiceInterface/Order/OrderPayHandlerInterface.php
No syntax errors detected in src/ServiceInterface/Order/OrderPaymentCommandHandlerInterface.php
No syntax errors detected in src/ServiceInterface/Order/OrderPaymentCommandInterface.php
No syntax errors detected in src/ServiceInterface/Order/OrderPaymentIntegrationTestInterface.php
No syntax errors detected in src/ServiceInterface/Order/OrderPaymentReconciliationServiceInterface.php
No syntax errors detected in src/ServiceInterface/Order/OrderPaymentServiceInterface.php
No syntax errors detected in src/ServiceInterface/Order/OrderPlaceCommandInterface.php
No syntax errors detected in src/ServiceInterface/Order/OrderPlacedHandlerInterface.php
No syntax errors detected in src/ServiceInterface/Order/OrderPlaceProcessorInterface.php
No syntax errors detected in src/ServiceInterface/Order/OrderPriceViewInterface.php
No syntax errors detected in src/ServiceInterface/Order/OrderPricingServiceInterface.php
No syntax errors detected in src/ServiceInterface/Order/OrderReadModelUpdaterInterface.php
No syntax errors detected in src/ServiceInterface/Order/OrderRefundCommandHandlerInterface.php
No syntax errors detected in src/ServiceInterface/Order/OrderRefundCommandInterface.php
No syntax errors detected in src/ServiceInterface/Order/OrderRefundedHandlerInterface.php
No syntax errors detected in src/ServiceInterface/Order/OrderRefundEventFlowTestInterface.php
No syntax errors detected in src/ServiceInterface/Order/OrderRefundEventSubscriberInterface.php
No syntax errors detected in src/ServiceInterface/Order/OrderRefundHandlerInterface.php
No syntax errors detected in src/ServiceInterface/Order/OrderRefundInvariantTestInterface.php
No syntax errors detected in src/ServiceInterface/Order/OrderRefundProcessorInterface.php
No syntax errors detected in src/ServiceInterface/Order/OrderRefundServiceInterface.php
No syntax errors detected in src/ServiceInterface/Order/OrderReplayEndToEndTestInterface.php
No syntax errors detected in src/ServiceInterface/Order/OrderReservationServiceInterface.php
No syntax errors detected in src/ServiceInterface/Order/OrderResourceInterface.php
No syntax errors detected in src/ServiceInterface/Order/OrderResourceToEntityTransformerInterface.php
No syntax errors detected in src/ServiceInterface/Order/OrderSagaInterface.php
No syntax errors detected in src/ServiceInterface/Order/OrderServiceHookInterface.php
No syntax errors detected in src/ServiceInterface/Order/OrderServiceInterface.php
No syntax errors detected in src/ServiceInterface/Order/OrderShipmentCommandHandlerInterface.php
No syntax errors detected in src/ServiceInterface/Order/OrderShipmentCommandInterface.php
No syntax errors detected in src/ServiceInterface/Order/OrderShipmentGatewayInterfaceInterface.php
No syntax errors detected in src/ServiceInterface/Order/OrderShipmentIntegrationTestInterface.php
No syntax errors detected in src/ServiceInterface/Order/OrderShipmentProjectionServiceInterface.php
No syntax errors detected in src/ServiceInterface/Order/OrderShipmentServiceInterface.php
No syntax errors detected in src/ServiceInterface/Order/OrderShipmentSubscriberInterface.php
No syntax errors detected in src/ServiceInterface/Order/OrderShippedHandlerInterface.php
No syntax errors detected in src/ServiceInterface/Order/OrderStateMachineInterface.php
No syntax errors detected in src/ServiceInterface/Order/OrderStatusServiceInterface.php
No syntax errors detected in src/ServiceInterface/Order/OrderTaxationIntegrationTestInterface.php
No syntax errors detected in src/ServiceInterface/Order/OrderTaxationServiceInterface.php
No syntax errors detected in src/ServiceInterface/Order/OrderTenantRateLimitListenerInterface.php
No syntax errors detected in src/ServiceInterface/Order/OrderWorkflowGuardSubscriberInterface.php
No syntax errors detected in src/ServiceInterface/Order/OrderWorkflowServiceInterface.php
No syntax errors detected in src/ServiceInterface/Order/OrderWorkflowSubscriberInterface.php
No syntax errors detected in src/ServiceInterface/Order/OutboxDispatchedMessageInterface.php
No syntax errors detected in src/ServiceInterface/Order/OutboxMessengerDispatcherInterface.php
No syntax errors detected in src/ServiceInterface/Order/OutboxProcessorInterface.php
No syntax errors detected in src/ServiceInterface/Order/OutboxProcessorTestInterface.php
No syntax errors detected in src/ServiceInterface/Order/OutboxPublisherInMemoryTestInterface.php
No syntax errors detected in src/ServiceInterface/Order/OutboxPublisherInterface.php
No syntax errors detected in src/ServiceInterface/Order/OutboxRelayInterface.php
No syntax errors detected in src/ServiceInterface/Order/OutboxReplayTestInterface.php
No syntax errors detected in src/ServiceInterface/Order/OutboxWriterInterface.php
No syntax errors detected in src/ServiceInterface/Order/OutboxWriteTestInterface.php
No syntax errors detected in src/ServiceInterface/Order/PartialPaymentServiceInterface.php
No syntax errors detected in src/ServiceInterface/Order/PartialPaymentTestInterface.php
No syntax errors detected in src/ServiceInterface/Order/PartialRefundTestInterface.php
No syntax errors detected in src/ServiceInterface/Order/PartialShipmentTestInterface.php
No syntax errors detected in src/ServiceInterface/Order/PaymentGatewayInterfaceInterface.php
No syntax errors detected in src/ServiceInterface/Order/PaymentMethodInterface.php
No syntax errors detected in src/ServiceInterface/Order/PaymentProcessorInterface.php
No syntax errors detected in src/ServiceInterface/Order/PaymentProcessorServiceInterface.php
No syntax errors detected in src/ServiceInterface/Order/PaymentServiceInterface.php
No syntax errors detected in src/ServiceInterface/Order/PaymentStateMachineInterface.php
No syntax errors detected in src/ServiceInterface/Order/PaymentStatusInterface.php
No syntax errors detected in src/ServiceInterface/Order/PaymentStatusSubscriberInterface.php
No syntax errors detected in src/ServiceInterface/Order/PaymentWebhookListenerInterface.php
No syntax errors detected in src/ServiceInterface/Order/PaymentWebhookTestInterface.php
No syntax errors detected in src/ServiceInterface/Order/PayPalGatewayInterface.php
No syntax errors detected in src/ServiceInterface/Order/PredictionServiceInterface.php
No syntax errors detected in src/ServiceInterface/Order/PriceCalculationTestInterface.php
No syntax errors detected in src/ServiceInterface/Order/PriceCalculatorInterface.php
No syntax errors detected in src/ServiceInterface/Order/PriceCalculatorServiceInterface.php
No syntax errors detected in src/ServiceInterface/Order/PriceCalculatorTestInterface.php
No syntax errors detected in src/ServiceInterface/Order/PriceInterface.php
No syntax errors detected in src/ServiceInterface/Order/ProgressiveTaxStrategyInterface.php
No syntax errors detected in src/ServiceInterface/Order/PromotionStrategyInterfaceInterface.php
No syntax errors detected in src/ServiceInterface/Order/ProviderPolicyInterface.php
No syntax errors detected in src/ServiceInterface/Order/ProviderRouterInterface.php
No syntax errors detected in src/ServiceInterface/Order/QuotaPolicyInterface.php
No syntax errors detected in src/ServiceInterface/Order/RateLimitInterface.php
No syntax errors detected in src/ServiceInterface/Order/RecalculateOrderPricingCommandInterface.php
No syntax errors detected in src/ServiceInterface/Order/RecalculateOrderPricingHandlerInterface.php
No syntax errors detected in src/ServiceInterface/Order/RefundAfterDeliveryPolicyTestInterface.php
No syntax errors detected in src/ServiceInterface/Order/RefundAmountInterface.php
No syntax errors detected in src/ServiceInterface/Order/RefundEligibilityServiceInterface.php
No syntax errors detected in src/ServiceInterface/Order/RefundBlockedDuringDisputeTestInterface.php
No syntax errors detected in src/ServiceInterface/Order/RefundPolicyServiceInterface.php
No syntax errors detected in src/ServiceInterface/Order/RefundPolicyServiceTestInterface.php
No syntax errors detected in src/ServiceInterface/Order/RefundProcessorInterface.php
No syntax errors detected in src/ServiceInterface/Order/RefundProcessorWithGatewayTestInterface.php
No syntax errors detected in src/ServiceInterface/Order/RefundServiceInterface.php
No syntax errors detected in src/ServiceInterface/Order/RefundStatsViewInterface.php
No syntax errors detected in src/ServiceInterface/Order/RefundWebhookTestInterface.php
No syntax errors detected in src/ServiceInterface/Order/ReservationServiceInterface.php
No syntax errors detected in src/ServiceInterface/Order/RetryOrderSagaCommandInterface.php
No syntax errors detected in src/ServiceInterface/Order/RetryOrderSagaHandlerInterface.php
No syntax errors detected in src/ServiceInterface/Order/RetryStormGuardInterface.php
No syntax errors detected in src/ServiceInterface/Order/ReturnPolicyServiceInterface.php
No syntax errors detected in src/ServiceInterface/Order/ReturnPolicyServiceTestInterface.php
No syntax errors detected in src/ServiceInterface/Order/ReturnWorkflowServiceInterface.php
No syntax errors detected in src/ServiceInterface/Order/RouteContextInterface.php
No syntax errors detected in src/ServiceInterface/Order/RouteDecisionInterface.php
No syntax errors detected in src/ServiceInterface/Order/RouterTestInterface.php
No syntax errors detected in src/ServiceInterface/Order/SagaRecoveryTestInterface.php
No syntax errors detected in src/ServiceInterface/Order/SecretRotationPolicyInterface.php
No syntax errors detected in src/ServiceInterface/Order/SecureStringInterface.php
No syntax errors detected in src/ServiceInterface/Order/ShipmentLifecycleTestInterface.php
No syntax errors detected in src/ServiceInterface/Order/ShipmentProcessorServiceInterface.php
No syntax errors detected in src/ServiceInterface/Order/ShipmentServiceInterface.php
No syntax errors detected in src/ServiceInterface/Order/ShipmentStatusListenerInterface.php
No syntax errors detected in src/ServiceInterface/Order/StartOrderSagaCommandInterface.php
No syntax errors detected in src/ServiceInterface/Order/StartOrderSagaHandlerInterface.php
No syntax errors detected in src/ServiceInterface/Order/StripeGatewayInterface.php
No syntax errors detected in src/ServiceInterface/Order/TaxationConfigLoaderInterface.php
No syntax errors detected in src/ServiceInterface/Order/TaxationConfigLoaderTestInterface.php
No syntax errors detected in src/ServiceInterface/Order/TaxationInterface.php
No syntax errors detected in src/ServiceInterface/Order/TaxationStrategyInterfaceInterface.php
No syntax errors detected in src/ServiceInterface/Order/TaxBreakdownInterface.php
No syntax errors detected in src/ServiceInterface/Order/TaxRateInterface.php
No syntax errors detected in src/ServiceInterface/Order/TaxRuleSetInterface.php
No syntax errors detected in src/ServiceInterface/Order/TenantKeyResolverInterface.php
No syntax errors detected in src/ServiceInterface/Order/TransactionalEventPublisherInterface.php
No syntax errors detected in src/ServiceInterface/Order/TransactionMiddlewareInterface.php
No syntax errors detected in src/ServiceInterface/Order/UPSCarrierInterface.php
No syntax errors detected in src/ServiceInterface/Order/UPSGatewayInterface.php
No syntax errors detected in src/ServiceInterface/Order/ValidSkuInterface.php
No syntax errors detected in src/ServiceInterface/Order/ValidSkuValidatorInterface.php
No syntax errors detected in src/ServiceInterface/Order/VatExclusiveStrategyInterface.php
No syntax errors detected in src/ServiceInterface/Order/VatInclusiveStrategyInterface.php
No syntax errors detected in src/ServiceInterface/Order/VendorRevenueViewInterface.php
No syntax errors detected in src/ServiceInterface/Order/Version202510062126_baselineInterface.php
No syntax errors detected in src/ServiceInterface/Order/Version20251006_OutboxIdempotencyInterface.php
No syntax errors detected in src/ServiceInterface/Order/Version20251006_PartialSupportInterface.php
No syntax errors detected in src/ServiceInterface/Order/Version20251006_somecommentInterface.php
No syntax errors detected in src/ServiceInterface/Order/Version202510080159_order_initInterface.php
No syntax errors detected in src/ServiceInterface/Order/Version202510080202_orders_tableInterface.php
No syntax errors detected in src/ServiceInterface/Order/Version202510080219_payments_refundsInterface.php
No syntax errors detected in src/ServiceInterface/Order/Version202510080228_add_refunded_statusesInterface.php
No syntax errors detected in src/ServiceInterface/Order/Version202510080233_create_order_metrics_viewInterface.php
No syntax errors detected in src/ServiceInterface/Order/Version202510080238_create_order_metrics_aggregate_viewInterface.php
No syntax errors detected in src/ServiceInterface/Order/Version202510080244_create_metrics_export_logInterface.php
No syntax errors detected in src/ServiceInterface/Order/Version202510080244_create_order_metrics_rollup_viewInterface.php
No syntax errors detected in src/ServiceInterface/Order/Version202510080251_add_updated_at_indexesInterface.php
No syntax errors detected in src/ServiceInterface/Order/Version202510080256_create_order_audit_logInterface.php
No syntax errors detected in src/ServiceInterface/Order/Version202510080259_add_audit_indexes_b13Interface.php
No syntax errors detected in src/ServiceInterface/Order/Version202510080310_create_idempotency_keysInterface.php
No syntax errors detected in src/ServiceInterface/Order/Version202510080310_create_order_refund_ledgerInterface.php
No syntax errors detected in src/ServiceInterface/Order/Version202510080400_add_refunded_amount_to_order_paymentInterface.php
No syntax errors detected in src/ServiceInterface/Order/Version202510080436_create_order_return_policyInterface.php
No syntax errors detected in src/ServiceInterface/Order/Version202510080432_create_order_disputeInterface.php
No syntax errors detected in src/ServiceInterface/Order/Version202510080436_create_order_shipmentInterface.php
No syntax errors detected in src/ServiceInterface/Order/Version202510080445_alter_order_item_add_pricingInterface.php
No syntax errors detected in src/ServiceInterface/Order/Version202510080451_create_inventory_reservationInterface.php
No syntax errors detected in src/ServiceInterface/Order/Version202510080445_create_order_taxation_auditInterface.php
No syntax errors detected in src/ServiceInterface/Order/Version202510080509_create_order_metrics_projectionInterface.php
No syntax errors detected in src/ServiceInterface/Order/Version202510080509_create_refund_stats_viewInterface.php
No syntax errors detected in src/ServiceInterface/Order/Version202510080509_create_vendor_revenue_viewInterface.php
No syntax errors detected in src/ServiceInterface/Order/Version202510080522_create_order_audit_logInterface.php
No syntax errors detected in src/ServiceInterface/Order/Version202510080522_create_order_archiveInterface.php
No syntax errors detected in src/ServiceInterface/Order/Version20251008184359_payment_initInterface.php
No syntax errors detected in src/ServiceInterface/Order/Version20251008184359_shipment_initInterface.php
No syntax errors detected in src/ServiceInterface/Order/Version20251008184359_taxation_initInterface.php
No syntax errors detected in src/ServiceInterface/Order/Version20251008_idempotency_outboxInterface.php
No syntax errors detected in src/ServiceInterface/Order/Version20251008_order_metricsInterface.php
No syntax errors detected in src/ServiceInterface/Order/Version20251008_order_price_auditInterface.php
No syntax errors detected in src/ServiceInterface/Order/Version20251008_outbox_extendInterface.php
No syntax errors detected in src/ServiceInterface/Order/Version20251008_outboxInterface.php
No syntax errors detected in src/ServiceInterface/Order/Version20251008_partial_payment_refundInterface.php
No syntax errors detected in src/ServiceInterface/Order/Version20251008_pricing_taxationInterface.php
No syntax errors detected in src/ServiceInterface/Order/Version2025100901_order_payment_projectionInterface.php
No syntax errors detected in src/ServiceInterface/Order/Version2025100904_order_returns_refundsInterface.php
No syntax errors detected in src/ServiceInterface/Order/WebhookHandlerInterface.php
No syntax errors detected in src/ServiceInterface/Order/WebhookHmacTestInterface.php
No syntax errors detected in src/ServiceInterface/Order/WebhookIdempotencyServiceInterface.php
No syntax errors detected in src/ServiceInterface/Order/WebhookInterface.php
No syntax errors detected in src/ServiceInterface/Order/WebhookRsaTestInterface.php
No syntax errors detected in src/ServiceInterface/Order/WebhookSignatureTestInterface.php
No syntax errors detected in src/ServiceInterface/Order/WebhookSignerRsaInterface.php
No syntax errors detected in src/ServiceInterface/Order/WebhookSignerHmacInterface.php
No syntax errors detected in src/ServiceInterface/Order/WebhookVerifierHmacInterface.php
No syntax errors detected in src/ServiceInterface/Order/WebhookVerifierRsaInterface.php
No syntax errors detected in src/ServiceInterface/Order/WorkerIdempotencyGuardInterface.php
No syntax errors detected in src/ServiceInterface/Order/PaymentProviderInterface.php
No syntax errors detected in src/ServiceInterface/Order/WebhookDispatcherInterface.php
No syntax errors detected in src/ServiceInterface/Order/Outbox/DlqServiceInterface.php
No syntax errors detected in src/ServiceInterface/Order/Http/AuditSinkInterface.php
No syntax errors detected in src/ServiceInterface/Order/Http/SinkRouterInterface.php
No syntax errors detected in src/ServiceInterface/Order/Http/AuditLoggerInterface.php
No syntax errors detected in src/ServiceInterface/Order/Http/AuditRotateInterface.php
No syntax errors detected in src/ServiceInterface/Order/Http/AuditShipInterface.php
No syntax errors detected in src/Service/Inventory/InMemoryInventoryService.php
No syntax errors detected in src/Service/Inventory/InventoryServiceInterface.php
No syntax errors detected in src/Service/Order/AdvancedTaxationTest.php
No syntax errors detected in src/Service/Order/AdvancedPriceCalculator.php
No syntax errors detected in src/Service/Order/AnalyticsSubscriber.php
No syntax errors detected in src/Service/Order/ApiAuditSubscriber.php
No syntax errors detected in src/Service/Order/ArchivalCommandTest.php
No syntax errors detected in src/Service/Order/ApiSecurityTest.php
No syntax errors detected in src/Service/Order/AuditLog.php
No syntax errors detected in src/Service/Order/AuditFlowTest.php
No syntax errors detected in src/Service/Order/AuditLoggerService.php
No syntax errors detected in src/Service/Order/AuditLogTest.php
No syntax errors detected in src/Service/Order/BigQueryExportSink.php
No syntax errors detected in src/Service/Order/BillingService.php
No syntax errors detected in src/Service/Order/CanarySwitch.php
No syntax errors detected in src/Service/Order/CarrierInterface.php
No syntax errors detected in src/Service/Order/CarrierPollingService.php
No syntax errors detected in src/Service/Order/ChaosProv.php
No syntax errors detected in src/Service/Order/ClickHouseExportSink.php
No syntax errors detected in src/Service/Order/Client.php
No syntax errors detected in src/Service/Order/ContractConsistencyTest.php
No syntax errors detected in src/Service/Order/ContinueOrderSagaCommand.php
No syntax errors detected in src/Service/Order/CostPolicy.php
No syntax errors detected in src/Service/Order/CryptoService.php
